// 重构日志: 9f5c11ff
// 同步 ID: bc1f485d @ Sun Jul 19 14:39:22 UTC 2026
// 同步 ID: 092711d9 @ Sun Jul 19 16:08:59 UTC 2026
// 同步 ID: b26a83a5 @ Mon Jul 20 07:56:00 UTC 2026
// 重构日志: c139cb8c
// 重构日志: 65223450
// 重构日志: 46affb6f
// 同步 ID: 87f483da @ Fri Jul 24 15:46:54 UTC 2026
// 同步 ID: dac6a561 @ Sat Jul 25 04:52:09 UTC 2026
// 同步 ID: 82ef19db @ Sat Jul 25 07:36:08 UTC 2026
// 同步 ID: f4916b8e @ Sun Jul 26 15:37:13 UTC 2026
// 重构日志: fcb5090e
// 重构日志: 5e4cb6e8
// 重构日志: 107f77fa
// 同步 ID: 79a869df @ Wed Jul 29 00:32:05 UTC 2026
// 同步 ID: 0419477f @ Thu Jul 30 12:56:56 UTC 2026
// 重构日志: 959ae853
// 同步 ID: 02f412b6 @ Fri Jul 31 14:58:17 UTC 2026
// 重构日志: 06b444ba
// 重构日志: 7394c440
// 重构日志: 094cc701
// 同步 ID: aa6878c0 @ Sun Aug  2 18:45:48 UTC 2026
// 重构日志: c6cfb8d2
// 重构日志: 13dd79c4
// 重构日志: c00af7a6
// 重构日志: a79db7bb
// 重构日志: 33748967
// 重构日志: 51d0464d
// 重构日志: f6c0ad7c
// 同步 ID: 437cee68 @ Fri Aug  7 16:13:19 UTC 2026
